Using vips to process variants requires the libvips library. Please install libvips using the instructions on the libvips website.
Using vips to process variants requires the libvips library. Please install libvips using the instructions on the libvips website.
Using vips to process variants requires the libvips library. Please install libvips using the instructions on the libvips website.
Using vips to process variants requires the libvips library. Please install libvips using the instructions on the libvips website.
Using vips to process variants requires the libvips library. Please install libvips using the instructions on the libvips website.
Started GET "/" for 127.0.0.1 at 2026-08-29 20:21:24 -0500
  [1m[35m (7.4ms)[0m  [1m[35mCREATE TABLE "schema_migrations" ("version" varchar NOT NULL PRIMARY KEY) /*application='LetsPlayBlackJack'*/[0m
  [1m[35m (0.6ms)[0m  [1m[35mCREATE TABLE "ar_internal_metadata" ("key" varchar NOT NULL PRIMARY KEY, "value" varchar, "created_at" datetime(6) NOT NULL, "updated_at" datetime(6) NOT NULL) /*application='LetsPlayBlackJack'*/[0m
  [1m[36mActiveRecord::SchemaMigration Load (0.9ms)[0m  [1m[34mSELECT "schema_migrations"."version" FROM "schema_migrations" ORDER BY "schema_migrations"."version" ASC /*application='LetsPlayBlackJack'*/[0m
Processing by Rails::WelcomeController#index as HTML
  Rendering /home/cimani/.local/share/mise/installs/ruby/3.4.10/lib/ruby/gems/3.4.0/gems/railties-8.1.3.1/lib/rails/templates/rails/welcome/index.html.erb
  Rendered /home/cimani/.local/share/mise/installs/ruby/3.4.10/lib/ruby/gems/3.4.0/gems/railties-8.1.3.1/lib/rails/templates/rails/welcome/index.html.erb (Duration: 1.5ms | GC: 0.0ms)
Completed 200 OK in 37ms (Views: 10.7ms | ActiveRecord: 0.0ms (0 queries, 0 cached) | GC: 0.0ms)


Using vips to process variants requires the libvips library. Please install libvips using the instructions on the libvips website.
Using vips to process variants requires the libvips library. Please install libvips using the instructions on the libvips website.
Using vips to process variants requires the libvips library. Please install libvips using the instructions on the libvips website.
Using vips to process variants requires the libvips library. Please install libvips using the instructions on the libvips website.
  [1m[36mActiveRecord::InternalMetadata Load (0.5ms)[0m  [1m[34mSELECT * FROM "ar_internal_metadata" WHERE "ar_internal_metadata"."key" = 'environment' ORDER BY "ar_internal_metadata"."key" ASC LIMIT 1 /*application='LetsPlayBlackJack'*/[0m
  [1m[36mActiveRecord::InternalMetadata Create (7.0ms)[0m  [1m[32mINSERT INTO "ar_internal_metadata" ("key", "value", "created_at", "updated_at") VALUES ('environment', 'development', '2026-08-30 05:40:08.254997', '2026-08-30 05:40:08.255001') RETURNING "key" /*application='LetsPlayBlackJack'*/[0m
  [1m[36mActiveRecord::SchemaMigration Load (0.1ms)[0m  [1m[34mSELECT "schema_migrations"."version" FROM "schema_migrations" ORDER BY "schema_migrations"."version" ASC /*application='LetsPlayBlackJack'*/[0m
Migrating to CreateGames (20260830053905)
  [1m[36mTRANSACTION (0.1ms)[0m  [1m[35mBEGIN immediate TRANSACTION /*application='LetsPlayBlackJack'*/[0m
  [1m[35m (1.2ms)[0m  [1m[35mCREATE TABLE "games" ("id" integer PRIMARY KEY AUTOINCREMENT NOT NULL, "GameName" varchar, "DealersID" integer, "BetMinimum" decimal, "InPlay" boolean, "created_at" datetime(6) NOT NULL, "updated_at" datetime(6) NOT NULL) /*application='LetsPlayBlackJack'*/[0m
  [1m[36mActiveRecord::SchemaMigration Create (0.1ms)[0m  [1m[32mINSERT INTO "schema_migrations" ("version") VALUES ('20260830053905') RETURNING "version" /*application='LetsPlayBlackJack'*/[0m
  [1m[36mTRANSACTION (0.1ms)[0m  [1m[35mCOMMIT TRANSACTION /*application='LetsPlayBlackJack'*/[0m
  [1m[36mActiveRecord::SchemaMigration Load (0.0ms)[0m  [1m[34mSELECT "schema_migrations"."version" FROM "schema_migrations" ORDER BY "schema_migrations"."version" ASC /*application='LetsPlayBlackJack'*/[0m
Using vips to process variants requires the libvips library. Please install libvips using the instructions on the libvips website.
Using vips to process variants requires the libvips library. Please install libvips using the instructions on the libvips website.
Using vips to process variants requires the libvips library. Please install libvips using the instructions on the libvips website.
  [1m[36mActiveRecord::InternalMetadata Load (0.5ms)[0m  [1m[34mSELECT * FROM "ar_internal_metadata" WHERE "ar_internal_metadata"."key" = 'environment' ORDER BY "ar_internal_metadata"."key" ASC LIMIT 1 /*application='LetsPlayBlackJack'*/[0m
  [1m[36mActiveRecord::SchemaMigration Load (0.1ms)[0m  [1m[34mSELECT "schema_migrations"."version" FROM "schema_migrations" ORDER BY "schema_migrations"."version" ASC /*application='LetsPlayBlackJack'*/[0m
Migrating to CreateDealers (20260830054410)
Using vips to process variants requires the libvips library. Please install libvips using the instructions on the libvips website.
  [1m[36mActiveRecord::InternalMetadata Load (0.7ms)[0m  [1m[34mSELECT * FROM "ar_internal_metadata" WHERE "ar_internal_metadata"."key" = 'environment' ORDER BY "ar_internal_metadata"."key" ASC LIMIT 1 /*application='LetsPlayBlackJack'*/[0m
  [1m[36mActiveRecord::SchemaMigration Load (0.1ms)[0m  [1m[34mSELECT "schema_migrations"."version" FROM "schema_migrations" ORDER BY "schema_migrations"."version" ASC /*application='LetsPlayBlackJack'*/[0m
Migrating to CreateDealers (20260830054410)
  [1m[36mTRANSACTION (0.1ms)[0m  [1m[35mBEGIN immediate TRANSACTION /*application='LetsPlayBlackJack'*/[0m
  [1m[35m (1.8ms)[0m  [1m[35mCREATE TABLE "dealers" ("id" integer PRIMARY KEY AUTOINCREMENT NOT NULL, "DealerName" varchar, "HouseEarning" decimal, "created_at" datetime(6) NOT NULL, "updated_at" datetime(6) NOT NULL) /*application='LetsPlayBlackJack'*/[0m
  [1m[36mActiveRecord::SchemaMigration Create (0.6ms)[0m  [1m[32mINSERT INTO "schema_migrations" ("version") VALUES ('20260830054410') RETURNING "version" /*application='LetsPlayBlackJack'*/[0m
  [1m[36mTRANSACTION (62.7ms)[0m  [1m[35mCOMMIT TRANSACTION /*application='LetsPlayBlackJack'*/[0m
  [1m[36mActiveRecord::SchemaMigration Load (0.1ms)[0m  [1m[34mSELECT "schema_migrations"."version" FROM "schema_migrations" ORDER BY "schema_migrations"."version" ASC /*application='LetsPlayBlackJack'*/[0m
Using vips to process variants requires the libvips library. Please install libvips using the instructions on the libvips website.
Using vips to process variants requires the libvips library. Please install libvips using the instructions on the libvips website.
Using vips to process variants requires the libvips library. Please install libvips using the instructions on the libvips website.
Using vips to process variants requires the libvips library. Please install libvips using the instructions on the libvips website.
Using vips to process variants requires the libvips library. Please install libvips using the instructions on the libvips website.
  [1m[36mActiveRecord::InternalMetadata Load (0.7ms)[0m  [1m[34mSELECT * FROM "ar_internal_metadata" WHERE "ar_internal_metadata"."key" = 'environment' ORDER BY "ar_internal_metadata"."key" ASC LIMIT 1 /*application='LetsPlayBlackJack'*/[0m
  [1m[36mActiveRecord::SchemaMigration Load (0.1ms)[0m  [1m[34mSELECT "schema_migrations"."version" FROM "schema_migrations" ORDER BY "schema_migrations"."version" ASC /*application='LetsPlayBlackJack'*/[0m
Migrating to CreateGameEntries (20260830062130)
  [1m[36mTRANSACTION (0.1ms)[0m  [1m[35mBEGIN immediate TRANSACTION /*application='LetsPlayBlackJack'*/[0m
  [1m[35m (1.3ms)[0m  [1m[35mCREATE TABLE "game_entries" ("id" integer PRIMARY KEY AUTOINCREMENT NOT NULL, "GameID" varchar, "created_at" datetime(6) NOT NULL, "updated_at" datetime(6) NOT NULL) /*application='LetsPlayBlackJack'*/[0m
  [1m[36mActiveRecord::SchemaMigration Create (0.4ms)[0m  [1m[32mINSERT INTO "schema_migrations" ("version") VALUES ('20260830062130') RETURNING "version" /*application='LetsPlayBlackJack'*/[0m
  [1m[36mTRANSACTION (4.5ms)[0m  [1m[35mCOMMIT TRANSACTION /*application='LetsPlayBlackJack'*/[0m
Migrating to CreatePlayers (20260830062213)
  [1m[36mTRANSACTION (0.1ms)[0m  [1m[35mBEGIN immediate TRANSACTION /*application='LetsPlayBlackJack'*/[0m
  [1m[35m (1.7ms)[0m  [1m[35mCREATE TABLE "players" ("id" integer PRIMARY KEY AUTOINCREMENT NOT NULL, "PlayName" varchar, "TotalEarnings" decimal, "created_at" datetime(6) NOT NULL, "updated_at" datetime(6) NOT NULL) /*application='LetsPlayBlackJack'*/[0m
  [1m[36mActiveRecord::SchemaMigration Create (0.3ms)[0m  [1m[32mINSERT INTO "schema_migrations" ("version") VALUES ('20260830062213') RETURNING "version" /*application='LetsPlayBlackJack'*/[0m
  [1m[36mTRANSACTION (0.1ms)[0m  [1m[35mCOMMIT TRANSACTION /*application='LetsPlayBlackJack'*/[0m
Migrating to CreatePlayerHands (20260830062414)
  [1m[36mTRANSACTION (0.1ms)[0m  [1m[35mBEGIN immediate TRANSACTION /*application='LetsPlayBlackJack'*/[0m
  [1m[35m (1.1ms)[0m  [1m[35mCREATE TABLE "player_hands" ("id" integer PRIMARY KEY AUTOINCREMENT NOT NULL, "DealID" integer, "EntryID" integer, "Bet" decimal, "PlayerHandValue" integer, "Outcome" varchar, "Payout" varchar, "created_at" datetime(6) NOT NULL, "updated_at" datetime(6) NOT NULL) /*application='LetsPlayBlackJack'*/[0m
  [1m[36mActiveRecord::SchemaMigration Create (0.3ms)[0m  [1m[32mINSERT INTO "schema_migrations" ("version") VALUES ('20260830062414') RETURNING "version" /*application='LetsPlayBlackJack'*/[0m
  [1m[36mTRANSACTION (0.5ms)[0m  [1m[35mCOMMIT TRANSACTION /*application='LetsPlayBlackJack'*/[0m
  [1m[36mActiveRecord::SchemaMigration Load (0.0ms)[0m  [1m[34mSELECT "schema_migrations"."version" FROM "schema_migrations" ORDER BY "schema_migrations"."version" ASC /*application='LetsPlayBlackJack'*/[0m
Using vips to process variants requires the libvips library. Please install libvips using the instructions on the libvips website.
Using vips to process variants requires the libvips library. Please install libvips using the instructions on the libvips website.
Using vips to process variants requires the libvips library. Please install libvips using the instructions on the libvips website.
  [1m[36mActiveRecord::InternalMetadata Load (1.0ms)[0m  [1m[34mSELECT * FROM "ar_internal_metadata" WHERE "ar_internal_metadata"."key" = 'environment' ORDER BY "ar_internal_metadata"."key" ASC LIMIT 1 /*application='LetsPlayBlackJack'*/[0m
  [1m[36mActiveRecord::SchemaMigration Load (0.2ms)[0m  [1m[34mSELECT "schema_migrations"."version" FROM "schema_migrations" ORDER BY "schema_migrations"."version" ASC /*application='LetsPlayBlackJack'*/[0m
Migrating to CreateDeals (20260830062823)
  [1m[36mTRANSACTION (0.1ms)[0m  [1m[35mBEGIN immediate TRANSACTION /*application='LetsPlayBlackJack'*/[0m
  [1m[35m (1.6ms)[0m  [1m[35mCREATE TABLE "deals" ("id" integer PRIMARY KEY AUTOINCREMENT NOT NULL, "GameID" integer, "RoundNumber" integer, "DealerHandValue" integer, "DealAt" datetime(6), "created_at" datetime(6) NOT NULL, "updated_at" datetime(6) NOT NULL) /*application='LetsPlayBlackJack'*/[0m
  [1m[36mActiveRecord::SchemaMigration Create (0.3ms)[0m  [1m[32mINSERT INTO "schema_migrations" ("version") VALUES ('20260830062823') RETURNING "version" /*application='LetsPlayBlackJack'*/[0m
  [1m[36mTRANSACTION (7.2ms)[0m  [1m[35mCOMMIT TRANSACTION /*application='LetsPlayBlackJack'*/[0m
  [1m[36mActiveRecord::SchemaMigration Load (0.1ms)[0m  [1m[34mSELECT "schema_migrations"."version" FROM "schema_migrations" ORDER BY "schema_migrations"."version" ASC /*application='LetsPlayBlackJack'*/[0m
